../Drivers/STM32U0xx_HAL_Driver/Inc/stm32u0xx_ll_lptim.h:647:22:LL_LPTIM_Enable	1
../Drivers/STM32U0xx_HAL_Driver/Inc/stm32u0xx_ll_lptim.h:687:22:LL_LPTIM_StartCounter	1
../Drivers/STM32U0xx_HAL_Driver/Inc/stm32u0xx_ll_lptim.h:783:22:LL_LPTIM_SetAutoReload	1
../Drivers/STM32U0xx_HAL_Driver/Inc/stm32u0xx_ll_lptim.h:896:22:LL_LPTIM_OC_SetCompareCH1	1
../Drivers/STM32U0xx_HAL_Driver/Inc/stm32u0xx_ll_lptim.h:907:26:LL_LPTIM_OC_GetCompareCH1	1
../Drivers/STM32U0xx_HAL_Driver/Inc/stm32u0xx_ll_lptim.h:1003:26:LL_LPTIM_GetCounter	1
../Drivers/STM32U0xx_HAL_Driver/Inc/stm32u0xx_ll_lptim.h:1749:22:LL_LPTIM_SetEncoderMode	1
../Drivers/STM32U0xx_HAL_Driver/Inc/stm32u0xx_ll_lptim.h:1779:22:LL_LPTIM_EnableEncoderMode	1
../Drivers/STM32U0xx_HAL_Driver/Inc/stm32u0xx_ll_lptim.h:2191:26:LL_LPTIM_IsActiveFlag_UP	2
../Drivers/STM32U0xx_HAL_Driver/Inc/stm32u0xx_ll_lptim.h:2214:26:LL_LPTIM_IsActiveFlag_DOWN	2
../Core/Src/main.c:134:5:main	2
../Core/Src/main.c:202:6:SystemClock_Config	3
../Core/Src/main.c:254:13:MX_LPTIM1_Init	2
../Core/Src/main.c:291:13:MX_RTC_Init	5
../Core/Src/main.c:374:13:MX_USART2_UART_Init	5
../Core/Src/main.c:422:13:MX_GPIO_Init	1
../Core/Src/main.c:458:6:TRACSENS_DisplayInfo	1
../Core/Src/main.c:471:16:TRACSENS_GetCounter	2
../Core/Src/main.c:489:6:TRACSENS_CompareCallback	2
../Core/Src/main.c:500:6:TRACSENS_CounterChangedToUpCallback	2
../Core/Src/main.c:513:6:TRACSENS_CounterChangedToDownCallback	2
../Core/Src/main.c:526:6:TRACSENS_AutoReloadMatchCallback	10
../Core/Src/main.c:569:6:TRACSENS_StartCounting	4
../Core/Src/main.c:616:6:TRACSENS_ChangedToUpErrorHandling	2
../Core/Src/main.c:625:6:TRACSENS_ChangedToDownErrorHandling	9
../Core/Src/main.c:666:13:TRACSENS_Power	1
../Core/Src/main.c:670:6:UART_Printf	1
../Core/Src/main.c:687:6:Error_Handler	1
