../Drivers/STM32U0xx_HAL_Driver/Inc/stm32u0xx_ll_lptim.h:647:22:LL_LPTIM_Enable	16	static
../Drivers/STM32U0xx_HAL_Driver/Inc/stm32u0xx_ll_lptim.h:687:22:LL_LPTIM_StartCounter	16	static
../Drivers/STM32U0xx_HAL_Driver/Inc/stm32u0xx_ll_lptim.h:783:22:LL_LPTIM_SetAutoReload	16	static
../Drivers/STM32U0xx_HAL_Driver/Inc/stm32u0xx_ll_lptim.h:896:22:LL_LPTIM_OC_SetCompareCH1	16	static
../Drivers/STM32U0xx_HAL_Driver/Inc/stm32u0xx_ll_lptim.h:907:26:LL_LPTIM_OC_GetCompareCH1	16	static
../Drivers/STM32U0xx_HAL_Driver/Inc/stm32u0xx_ll_lptim.h:1003:26:LL_LPTIM_GetCounter	16	static
../Drivers/STM32U0xx_HAL_Driver/Inc/stm32u0xx_ll_lptim.h:1749:22:LL_LPTIM_SetEncoderMode	16	static
../Drivers/STM32U0xx_HAL_Driver/Inc/stm32u0xx_ll_lptim.h:1779:22:LL_LPTIM_EnableEncoderMode	16	static
../Drivers/STM32U0xx_HAL_Driver/Inc/stm32u0xx_ll_lptim.h:2191:26:LL_LPTIM_IsActiveFlag_UP	16	static
../Drivers/STM32U0xx_HAL_Driver/Inc/stm32u0xx_ll_lptim.h:2214:26:LL_LPTIM_IsActiveFlag_DOWN	16	static
../Core/Src/main.c:134:5:main	16	static
../Core/Src/main.c:202:6:SystemClock_Config	104	static
../Core/Src/main.c:243:13:MX_LPTIM1_Init	8	static
../Core/Src/main.c:280:13:MX_RTC_Init	80	static
../Core/Src/main.c:363:13:MX_USART2_UART_Init	8	static
../Core/Src/main.c:411:13:MX_GPIO_Init	48	static
../Core/Src/main.c:446:6:TRACSENS_DisplayInfo	32	static
../Core/Src/main.c:459:16:TRACSENS_GetCounter	16	static
../Core/Src/main.c:477:6:TRACSENS_CompareCallback	16	static
../Core/Src/main.c:488:6:TRACSENS_CounterChangedToUpCallback	16	static
../Core/Src/main.c:501:6:TRACSENS_CounterChangedToDownCallback	16	static
../Core/Src/main.c:514:6:TRACSENS_AutoReloadMatchCallback	16	static
../Core/Src/main.c:557:6:TRACSENS_StartCounting	8	static
../Core/Src/main.c:604:6:TRACSENS_ChangedToUpErrorHandling	8	static
../Core/Src/main.c:613:6:TRACSENS_ChangedToDownErrorHandling	16	static
../Core/Src/main.c:654:13:TRACSENS_Power	16	static
../Core/Src/main.c:658:6:UART_Printf	280	static
../Core/Src/main.c:675:6:Error_Handler	8	static,ignoring_inline_asm
