../Drivers/STM32U0xx_HAL_Driver/Src/stm32u0xx_hal_rcc_ex.c:114:19:HAL_RCCEx_PeriphCLKConfig	32	static
../Drivers/STM32U0xx_HAL_Driver/Src/stm32u0xx_hal_rcc_ex.c:380:6:HAL_RCCEx_GetPeriphCLKConfig	16	static
../Drivers/STM32U0xx_HAL_Driver/Src/stm32u0xx_hal_rcc_ex.c:478:10:HAL_RCCEx_GetPeriphCLKFreq	48	static
../Drivers/STM32U0xx_HAL_Driver/Src/stm32u0xx_hal_rcc_ex.c:1066:6:HAL_RCCEx_GetPLLClockFreq	40	static
../Drivers/STM32U0xx_HAL_Driver/Src/stm32u0xx_hal_rcc_ex.c:1139:19:HAL_RCCEx_EnablePLL	32	static
../Drivers/STM32U0xx_HAL_Driver/Src/stm32u0xx_hal_rcc_ex.c:1209:19:HAL_RCCEx_DisablePLL	16	static
../Drivers/STM32U0xx_HAL_Driver/Src/stm32u0xx_hal_rcc_ex.c:1246:6:HAL_RCCEx_WakeUpStopCLKConfig	16	static
../Drivers/STM32U0xx_HAL_Driver/Src/stm32u0xx_hal_rcc_ex.c:1264:6:HAL_RCCEx_StandbyMSIRangeConfig	16	static
../Drivers/STM32U0xx_HAL_Driver/Src/stm32u0xx_hal_rcc_ex.c:1277:6:HAL_RCCEx_EnableMSIPLLMode	8	static
../Drivers/STM32U0xx_HAL_Driver/Src/stm32u0xx_hal_rcc_ex.c:1287:6:HAL_RCCEx_DisableMSIPLLMode	8	static
../Drivers/STM32U0xx_HAL_Driver/Src/stm32u0xx_hal_rcc_ex.c:1296:6:HAL_RCCEx_EnableLSECSS	8	static
../Drivers/STM32U0xx_HAL_Driver/Src/stm32u0xx_hal_rcc_ex.c:1308:6:HAL_RCCEx_DisableLSECSS	8	static
../Drivers/STM32U0xx_HAL_Driver/Src/stm32u0xx_hal_rcc_ex.c:1319:6:HAL_RCCEx_EnableLSECSS_IT	8	static
../Drivers/STM32U0xx_HAL_Driver/Src/stm32u0xx_hal_rcc_ex.c:1334:6:HAL_RCCEx_LSECSS_IRQHandler	8	static
../Drivers/STM32U0xx_HAL_Driver/Src/stm32u0xx_hal_rcc_ex.c:1351:13:HAL_RCCEx_LSECSS_Callback	8	static
../Drivers/STM32U0xx_HAL_Driver/Src/stm32u0xx_hal_rcc_ex.c:1366:6:HAL_RCCEx_EnableLSCO	56	static
../Drivers/STM32U0xx_HAL_Driver/Src/stm32u0xx_hal_rcc_ex.c:1413:6:HAL_RCCEx_DisableLSCO	16	static
../Drivers/STM32U0xx_HAL_Driver/Src/stm32u0xx_hal_rcc_ex.c:1811:26:RCCEx_PLLSource_Enable	24	static
