../Drivers/STM32U0xx_HAL_Driver/Src/stm32u0xx_hal.c:142:19:HAL_Init	16	static
../Drivers/STM32U0xx_HAL_Driver/Src/stm32u0xx_hal.c:179:19:HAL_DeInit	8	static
../Drivers/STM32U0xx_HAL_Driver/Src/stm32u0xx_hal.c:204:13:HAL_MspInit	8	static
../Drivers/STM32U0xx_HAL_Driver/Src/stm32u0xx_hal.c:215:13:HAL_MspDeInit	8	static
../Drivers/STM32U0xx_HAL_Driver/Src/stm32u0xx_hal.c:238:26:HAL_InitTick	32	static
../Drivers/STM32U0xx_HAL_Driver/Src/stm32u0xx_hal.c:305:13:HAL_IncTick	8	static
../Drivers/STM32U0xx_HAL_Driver/Src/stm32u0xx_hal.c:316:17:HAL_GetTick	8	static
../Drivers/STM32U0xx_HAL_Driver/Src/stm32u0xx_hal.c:325:10:HAL_GetTickPrio	8	static
../Drivers/STM32U0xx_HAL_Driver/Src/stm32u0xx_hal.c:334:19:HAL_SetTickFreq	40	static
../Drivers/STM32U0xx_HAL_Driver/Src/stm32u0xx_hal.c:365:21:HAL_GetTickFreq	8	static
../Drivers/STM32U0xx_HAL_Driver/Src/stm32u0xx_hal.c:381:13:HAL_Delay	24	static
../Drivers/STM32U0xx_HAL_Driver/Src/stm32u0xx_hal.c:407:13:HAL_SuspendTick	8	static
../Drivers/STM32U0xx_HAL_Driver/Src/stm32u0xx_hal.c:423:13:HAL_ResumeTick	8	static
../Drivers/STM32U0xx_HAL_Driver/Src/stm32u0xx_hal.c:433:10:HAL_GetHalVersion	8	static
../Drivers/STM32U0xx_HAL_Driver/Src/stm32u0xx_hal.c:442:10:HAL_GetREVID	8	static
../Drivers/STM32U0xx_HAL_Driver/Src/stm32u0xx_hal.c:451:10:HAL_GetDEVID	8	static
../Drivers/STM32U0xx_HAL_Driver/Src/stm32u0xx_hal.c:460:10:HAL_GetUIDw0	8	static
../Drivers/STM32U0xx_HAL_Driver/Src/stm32u0xx_hal.c:469:10:HAL_GetUIDw1	8	static
../Drivers/STM32U0xx_HAL_Driver/Src/stm32u0xx_hal.c:478:10:HAL_GetUIDw2	8	static
../Drivers/STM32U0xx_HAL_Driver/Src/stm32u0xx_hal.c:505:6:HAL_DBGMCU_EnableDBGStopMode	8	static
../Drivers/STM32U0xx_HAL_Driver/Src/stm32u0xx_hal.c:514:6:HAL_DBGMCU_DisableDBGStopMode	8	static
../Drivers/STM32U0xx_HAL_Driver/Src/stm32u0xx_hal.c:523:6:HAL_DBGMCU_EnableDBGStandbyMode	8	static
../Drivers/STM32U0xx_HAL_Driver/Src/stm32u0xx_hal.c:532:6:HAL_DBGMCU_DisableDBGStandbyMode	8	static
../Drivers/STM32U0xx_HAL_Driver/Src/stm32u0xx_hal.c:643:6:HAL_SYSCFG_EnableIOAnalogSwitchBooster	8	static
../Drivers/STM32U0xx_HAL_Driver/Src/stm32u0xx_hal.c:652:6:HAL_SYSCFG_DisableIOAnalogSwitchBooster	8	static
../Drivers/STM32U0xx_HAL_Driver/Src/stm32u0xx_hal.c:665:6:HAL_SYSCFG_EnableRemap	16	static
../Drivers/STM32U0xx_HAL_Driver/Src/stm32u0xx_hal.c:680:6:HAL_SYSCFG_DisableRemap	16	static
../Drivers/STM32U0xx_HAL_Driver/Src/stm32u0xx_hal.c:691:6:HAL_SYSCFG_EnableTSCComparatorMode	8	static
../Drivers/STM32U0xx_HAL_Driver/Src/stm32u0xx_hal.c:700:6:HAL_SYSCFG_DisableTSCComparatorMode	8	static
../Drivers/STM32U0xx_HAL_Driver/Src/stm32u0xx_hal.c:712:6:HAL_SYSCFG_SetTSCComparatorModeIO	16	static
../Drivers/STM32U0xx_HAL_Driver/Src/stm32u0xx_hal.c:727:10:HAL_SYSCFG_GetTSCComparatorModeIO	16	static
../Drivers/STM32U0xx_HAL_Driver/Src/stm32u0xx_hal.c:742:6:HAL_SYSCFG_ClearTSCComparatorModeIO	16	static
../Drivers/STM32U0xx_HAL_Driver/Src/stm32u0xx_hal.c:754:6:HAL_SYSCFG_LockSRAM2	8	static
../Drivers/STM32U0xx_HAL_Driver/Src/stm32u0xx_hal.c:764:6:HAL_SYSCFG_UnlockSRAM2	8	static
../Drivers/STM32U0xx_HAL_Driver/Src/stm32u0xx_hal.c:777:6:HAL_SYSCFG_EraseSRAM2	8	static
